arm-none-eabi-gcc "../Core/Src/main.c" -mcpu=cortex-m4 -std=gnu11 -g3 -DDEBUG -DUSE_HAL_DRIVER -DSTM32F405xx -c -I../Core/Inc -I../Drivers/STM32F4xx_HAL_Driver/Inc -I../Drivers/STM32F4xx_HAL_Driver/Inc/Legacy -I../Drivers/CMSIS/Device/ST/STM32F4xx/Include -I../Drivers/CMSIS/Include -O0 -ffunction-sections -fdata-sections -Wall -fstack-usage -MMD -MP -MF"Core/Src/main.d" -MT"Core/Src/main.o" --specs=nano.specs -mfpu=fpv4-sp-d16 -mfloat-abi=hard -mthumb -o "Core/Src/main.o"
arm-none-eabi-g++ -o "UsingESCWithSTM.elf" @"objects.list"   -mcpu=cortex-m4 -T"D:\GitHub\Aleatorios\STM32\UsingESCWithSTM\STM32F405RGTX_FLASH.ld" --specs=nosys.specs -Wl,-Map="UsingESCWithSTM.map" -Wl,--gc-sections -static --specs=nano.specs -mfpu=fpv4-sp-d16 -mfloat-abi=hard -mthumb -Wl,--start-group -lc -lm -lstdc++ -lsupc++ -Wl,--end-group
Finished building target: UsingESCWithSTM.elf
 
arm-none-eabi-size   UsingESCWithSTM.elf 
arm-none-eabi-objdump -h -S  UsingESCWithSTM.elf  > "UsingESCWithSTM.list"
arm-none-eabi-objcopy  -O binary  UsingESCWithSTM.elf  "UsingESCWithSTM.bin"
   text	   data	    bss	    dec	    hex	filename
   8780	     20	   1644	  10444	   28cc	UsingESCWithSTM.elf
Finished building: default.size.stdout
 
Finished building: UsingESCWithSTM.bin
 
Finished building: UsingESCWithSTM.list
 

21:51:37 Build Finished. 0 errors, 0 warnings. (took 10s.464ms)

21:51:41 **** Incremental Build of configuration Debug for project UsingESCWithSTM ****
make -j8 all 
arm-none-eabi-size   UsingESCWithSTM.elf 
   text	   data	    bss	    dec	    hex	filename
   8780	     20	   1644	  10444	   28cc	UsingESCWithSTM.elf
Finished building: default.size.stdout
 
