11:27:46 **** Incremental Build of configuration Debug for project Robot ****
make -j8 all 
arm-none-eabi-g++ "../CPP/Src/mainCpp.cpp" -mcpu=cortex-m4 -std=gnu++14 -g3 -DDEBUG -DUSE_HAL_DRIVER -DSTM32F405xx -c -I../Core/Inc -I../Drivers/STM32F4xx_HAL_Driver/Inc -I../Drivers/STM32F4xx_HAL_Driver/Inc/Legacy -I../Drivers/CMSIS/Device/ST/STM32F4xx/Include -I../Drivers/CMSIS/Include -I"D:/GitHub/Aleatorios/STM32/Robot/CPP/Inc" -O0 -ffunction-sections -fdata-sections -fno-exceptions -fno-rtti -fno-use-cxa-atexit -Wall -fstack-usage -MMD -MP -MF"CPP/Src/mainCpp.d" -MT"CPP/Src/mainCpp.o" --specs=nano.specs -mfpu=fpv4-sp-d16 -mfloat-abi=hard -mthumb -o "CPP/Src/mainCpp.o"
arm-none-eabi-g++ -o "Robot.elf" @"objects.list"   -mcpu=cortex-m4 -T"D:\GitHub\Aleatorios\STM32\Robot\STM32F405RGTX_FLASH.ld" --specs=nosys.specs -Wl,-Map="Robot.map" -Wl,--gc-sections -static --specs=nano.specs -mfpu=fpv4-sp-d16 -mfloat-abi=hard -mthumb -Wl,--start-group -lc -lm -lstdc++ -lsupc++ -Wl,--end-group
Finished building target: Robot.elf
 
arm-none-eabi-size   Robot.elf 
arm-none-eabi-objdump -h -S  Robot.elf  > "Robot.list"
arm-none-eabi-objcopy  -O binary  Robot.elf  "Robot.bin"
   text	   data	    bss	    dec	    hex	filename
  11128	    128	   1792	  13048	   32f8	Robot.elf
Finished building: default.size.stdout
 
Finished building: Robot.bin
 
Finished building: Robot.list
 

11:27:47 Build Finished. 0 errors, 0 warnings. (took 713ms)

