11:48:20 **** Incremental Build of configuration Debug for project vamoLa ****
make -j8 all 
arm-none-eabi-gcc "../Core/Src/main.c" -mcpu=cortex-m4 -std=gnu11 -g3 -DDEBUG -DUSE_HAL_DRIVER -DSTM32F405xx -c -I../Core/Inc -I../Drivers/STM32F4xx_HAL_Driver/Inc -I../Drivers/STM32F4xx_HAL_Driver/Inc/Legacy -I../Drivers/CMSIS/Device/ST/STM32F4xx/Include -I../Drivers/CMSIS/Include -O0 -ffunction-sections -fdata-sections -Wall -fstack-usage -MMD -MP -MF"Core/Src/main.d" -MT"Core/Src/main.o" --specs=nano.specs -mfpu=fpv4-sp-d16 -mfloat-abi=hard -mthumb -o "Core/Src/main.o"
arm-none-eabi-gcc -o "vamoLa.elf" @"objects.list"   -mcpu=cortex-m4 -T"D:\GitHub\Aleatorios\STM32\vamoLa\STM32F405RGTX_FLASH.ld" --specs=nosys.specs -Wl,-Map="vamoLa.map" -Wl,--gc-sections -static --specs=nano.specs -mfpu=fpv4-sp-d16 -mfloat-abi=hard -mthumb -Wl,--start-group -lc -lm -Wl,--end-group
Finished building target: vamoLa.elf
 
arm-none-eabi-size   vamoLa.elf 
arm-none-eabi-objdump -h -S  vamoLa.elf  > "vamoLa.list"
arm-none-eabi-objcopy  -O binary  vamoLa.elf  "vamoLa.bin"
   text	   data	    bss	    dec	    hex	filename
   9056	     20	   1668	  10744	   29f8	vamoLa.elf
Finished building: default.size.stdout
 
Finished building: vamoLa.bin
 
Finished building: vamoLa.list
 

11:48:21 Build Finished. 0 errors, 0 warnings. (took 1s.170ms)

