15:08:15 **** Incremental Build of configuration Debug for project IrControlerDecode ****
make -j8 all 
arm-none-eabi-size   IrControlerDecode.elf 
   text	   data	    bss	    dec	    hex	filename
   9580	     24	   1716	  11320	   2c38	IrControlerDecode.elf
Finished building: default.size.stdout
 
15:08:18 **** Incremental Build of configuration Debug for project IrControlerDecode ****
make -j8 all 
arm-none-eabi-size   IrControlerDecode.elf 
   text	   data	    bss	    dec	    hex	filename
   9580	     24	   1716	  11320	   2c38	IrControlerDecode.elf
Finished building: default.size.stdout
 
15:08:36 **** Incremental Build of configuration Debug for project IrControlerDecode ****
make -j8 all 
arm-none-eabi-size   IrControlerDecode.elf 
   text	   data	    bss	    dec	    hex	filename
   9580	     24	   1716	  11320	   2c38	IrControlerDecode.elf
Finished building: default.size.stdout
 
15:11:35 **** Incremental Build of configuration Debug for project IrControlerDecode ****
make -j8 all 
arm-none-eabi-g++ "../CPP/Src/sensorIrClass.cpp" -mcpu=cortex-m4 -std=gnu++14 -g3 -DDEBUG -DUSE_HAL_DRIVER -DSTM32F405xx -c -I../Core/Inc -I../Drivers/STM32F4xx_HAL_Driver/Inc -I../Drivers/STM32F4xx_HAL_Driver/Inc/Legacy -I../Drivers/CMSIS/Device/ST/STM32F4xx/Include -I../Drivers/CMSIS/Include -I"D:/GitHub/IrReceiverDecoder/IrControlerDecode/CPP/Src" -I"D:/GitHub/IrReceiverDecoder/IrControlerDecode/CPP/Inc" -O0 -ffunction-sections -fdata-sections -fno-exceptions -fno-rtti -fno-use-cxa-atexit -Wall -fstack-usage -MMD -MP -MF"CPP/Src/sensorIrClass.d" -MT"CPP/Src/sensorIrClass.o" --specs=nano.specs -mfpu=fpv4-sp-d16 -mfloat-abi=hard -mthumb -o "CPP/Src/sensorIrClass.o"
arm-none-eabi-g++ -o "IrControlerDecode.elf" @"objects.list"   -mcpu=cortex-m4 -T"D:\GitHub\IrReceiverDecoder\IrControlerDecode\STM32F405RGTX_FLASH.ld" --specs=nosys.specs -Wl,-Map="IrControlerDecode.map" -Wl,--gc-sections -static --specs=nano.specs -mfpu=fpv4-sp-d16 -mfloat-abi=hard -mthumb -Wl,--start-group -lc -lm -lstdc++ -lsupc++ -Wl,--end-group
Finished building target: IrControlerDecode.elf
 
arm-none-eabi-size   IrControlerDecode.elf 
arm-none-eabi-objdump -h -S  IrControlerDecode.elf  > "IrControlerDecode.list"
arm-none-eabi-objcopy  -O binary  IrControlerDecode.elf  "IrControlerDecode.bin"
   text	   data	    bss	    dec	    hex	filename
   9592	     24	   1716	  11332	   2c44	IrControlerDecode.elf
Finished building: default.size.stdout
 
Finished building: IrControlerDecode.bin
 
Finished building: IrControlerDecode.list
 
15:12:27 **** Incremental Build of configuration Debug for project IrControlerDecode ****
make -j8 all 
arm-none-eabi-g++ "../CPP/Src/sensorIrClass.cpp" -mcpu=cortex-m4 -std=gnu++14 -g3 -DDEBUG -DUSE_HAL_DRIVER -DSTM32F405xx -c -I../Core/Inc -I../Drivers/STM32F4xx_HAL_Driver/Inc -I../Drivers/STM32F4xx_HAL_Driver/Inc/Legacy -I../Drivers/CMSIS/Device/ST/STM32F4xx/Include -I../Drivers/CMSIS/Include -I"D:/GitHub/IrReceiverDecoder/IrControlerDecode/CPP/Src" -I"D:/GitHub/IrReceiverDecoder/IrControlerDecode/CPP/Inc" -O0 -ffunction-sections -fdata-sections -fno-exceptions -fno-rtti -fno-use-cxa-atexit -Wall -fstack-usage -MMD -MP -MF"CPP/Src/sensorIrClass.d" -MT"CPP/Src/sensorIrClass.o" --specs=nano.specs -mfpu=fpv4-sp-d16 -mfloat-abi=hard -mthumb -o "CPP/Src/sensorIrClass.o"
arm-none-eabi-g++ -o "IrControlerDecode.elf" @"objects.list"   -mcpu=cortex-m4 -T"D:\GitHub\IrReceiverDecoder\IrControlerDecode\STM32F405RGTX_FLASH.ld" --specs=nosys.specs -Wl,-Map="IrControlerDecode.map" -Wl,--gc-sections -static --specs=nano.specs -mfpu=fpv4-sp-d16 -mfloat-abi=hard -mthumb -Wl,--start-group -lc -lm -lstdc++ -lsupc++ -Wl,--end-group
Finished building target: IrControlerDecode.elf
 
arm-none-eabi-size   IrControlerDecode.elf 
arm-none-eabi-objdump -h -S  IrControlerDecode.elf  > "IrControlerDecode.list"
arm-none-eabi-objcopy  -O binary  IrControlerDecode.elf  "IrControlerDecode.bin"
   text	   data	    bss	    dec	    hex	filename
   9580	     24	   1716	  11320	   2c38	IrControlerDecode.elf
Finished building: default.size.stdout
 
Finished building: IrControlerDecode.bin
 
Finished building: IrControlerDecode.list
 
15:13:49 **** Incremental Build of configuration Debug for project IrControlerDecode ****
make -j8 all 
arm-none-eabi-g++ "../CPP/Src/sensorIrClass.cpp" -mcpu=cortex-m4 -std=gnu++14 -g3 -DDEBUG -DUSE_HAL_DRIVER -DSTM32F405xx -c -I../Core/Inc -I../Drivers/STM32F4xx_HAL_Driver/Inc -I../Drivers/STM32F4xx_HAL_Driver/Inc/Legacy -I../Drivers/CMSIS/Device/ST/STM32F4xx/Include -I../Drivers/CMSIS/Include -I"D:/GitHub/IrReceiverDecoder/IrControlerDecode/CPP/Src" -I"D:/GitHub/IrReceiverDecoder/IrControlerDecode/CPP/Inc" -O0 -ffunction-sections -fdata-sections -fno-exceptions -fno-rtti -fno-use-cxa-atexit -Wall -fstack-usage -MMD -MP -MF"CPP/Src/sensorIrClass.d" -MT"CPP/Src/sensorIrClass.o" --specs=nano.specs -mfpu=fpv4-sp-d16 -mfloat-abi=hard -mthumb -o "CPP/Src/sensorIrClass.o"
arm-none-eabi-g++ -o "IrControlerDecode.elf" @"objects.list"   -mcpu=cortex-m4 -T"D:\GitHub\IrReceiverDecoder\IrControlerDecode\STM32F405RGTX_FLASH.ld" --specs=nosys.specs -Wl,-Map="IrControlerDecode.map" -Wl,--gc-sections -static --specs=nano.specs -mfpu=fpv4-sp-d16 -mfloat-abi=hard -mthumb -Wl,--start-group -lc -lm -lstdc++ -lsupc++ -Wl,--end-group
Finished building target: IrControlerDecode.elf
 
arm-none-eabi-size   IrControlerDecode.elf 
arm-none-eabi-objdump -h -S  IrControlerDecode.elf  > "IrControlerDecode.list"
arm-none-eabi-objcopy  -O binary  IrControlerDecode.elf  "IrControlerDecode.bin"
   text	   data	    bss	    dec	    hex	filename
   9512	     24	   1716	  11252	   2bf4	IrControlerDecode.elf
Finished building: default.size.stdout
 
Finished building: IrControlerDecode.bin
 
Finished building: IrControlerDecode.list
 
15:15:06 **** Incremental Build of configuration Debug for project IrControlerDecode ****
make -j8 all 
arm-none-eabi-g++ "../CPP/Src/sensorIrClass.cpp" -mcpu=cortex-m4 -std=gnu++14 -g3 -DDEBUG -DUSE_HAL_DRIVER -DSTM32F405xx -c -I../Core/Inc -I../Drivers/STM32F4xx_HAL_Driver/Inc -I../Drivers/STM32F4xx_HAL_Driver/Inc/Legacy -I../Drivers/CMSIS/Device/ST/STM32F4xx/Include -I../Drivers/CMSIS/Include -I"D:/GitHub/IrReceiverDecoder/IrControlerDecode/CPP/Src" -I"D:/GitHub/IrReceiverDecoder/IrControlerDecode/CPP/Inc" -O0 -ffunction-sections -fdata-sections -fno-exceptions -fno-rtti -fno-use-cxa-atexit -Wall -fstack-usage -MMD -MP -MF"CPP/Src/sensorIrClass.d" -MT"CPP/Src/sensorIrClass.o" --specs=nano.specs -mfpu=fpv4-sp-d16 -mfloat-abi=hard -mthumb -o "CPP/Src/sensorIrClass.o"
arm-none-eabi-g++ -o "IrControlerDecode.elf" @"objects.list"   -mcpu=cortex-m4 -T"D:\GitHub\IrReceiverDecoder\IrControlerDecode\STM32F405RGTX_FLASH.ld" --specs=nosys.specs -Wl,-Map="IrControlerDecode.map" -Wl,--gc-sections -static --specs=nano.specs -mfpu=fpv4-sp-d16 -mfloat-abi=hard -mthumb -Wl,--start-group -lc -lm -lstdc++ -lsupc++ -Wl,--end-group
Finished building target: IrControlerDecode.elf
 
arm-none-eabi-size   IrControlerDecode.elf 
arm-none-eabi-objdump -h -S  IrControlerDecode.elf  > "IrControlerDecode.list"
arm-none-eabi-objcopy  -O binary  IrControlerDecode.elf  "IrControlerDecode.bin"
   text	   data	    bss	    dec	    hex	filename
   9520	     24	   1716	  11260	   2bfc	IrControlerDecode.elf
Finished building: default.size.stdout
 
Finished building: IrControlerDecode.bin
 
Finished building: IrControlerDecode.list
 
15:16:49 **** Incremental Build of configuration Debug for project IrControlerDecode ****
make -j8 all 
arm-none-eabi-g++ "../CPP/Src/sensorIrClass.cpp" -mcpu=cortex-m4 -std=gnu++14 -g3 -DDEBUG -DUSE_HAL_DRIVER -DSTM32F405xx -c -I../Core/Inc -I../Drivers/STM32F4xx_HAL_Driver/Inc -I../Drivers/STM32F4xx_HAL_Driver/Inc/Legacy -I../Drivers/CMSIS/Device/ST/STM32F4xx/Include -I../Drivers/CMSIS/Include -I"D:/GitHub/IrReceiverDecoder/IrControlerDecode/CPP/Src" -I"D:/GitHub/IrReceiverDecoder/IrControlerDecode/CPP/Inc" -O0 -ffunction-sections -fdata-sections -fno-exceptions -fno-rtti -fno-use-cxa-atexit -Wall -fstack-usage -MMD -MP -MF"CPP/Src/sensorIrClass.d" -MT"CPP/Src/sensorIrClass.o" --specs=nano.specs -mfpu=fpv4-sp-d16 -mfloat-abi=hard -mthumb -o "CPP/Src/sensorIrClass.o"
arm-none-eabi-g++ -o "IrControlerDecode.elf" @"objects.list"   -mcpu=cortex-m4 -T"D:\GitHub\IrReceiverDecoder\IrControlerDecode\STM32F405RGTX_FLASH.ld" --specs=nosys.specs -Wl,-Map="IrControlerDecode.map" -Wl,--gc-sections -static --specs=nano.specs -mfpu=fpv4-sp-d16 -mfloat-abi=hard -mthumb -Wl,--start-group -lc -lm -lstdc++ -lsupc++ -Wl,--end-group
Finished building target: IrControlerDecode.elf
 
arm-none-eabi-size   IrControlerDecode.elf 
arm-none-eabi-objdump -h -S  IrControlerDecode.elf  > "IrControlerDecode.list"
arm-none-eabi-objcopy  -O binary  IrControlerDecode.elf  "IrControlerDecode.bin"
   text	   data	    bss	    dec	    hex	filename
   9520	     24	   1716	  11260	   2bfc	IrControlerDecode.elf
Finished building: default.size.stdout
 
Finished building: IrControlerDecode.bin
 
Finished building: IrControlerDecode.list
 
15:21:35 **** Incremental Build of configuration Debug for project IrControlerDecode ****
make -j8 all 
arm-none-eabi-gcc "../Drivers/STM32F4xx_HAL_Driver/Src/stm32f4xx_hal.c" -mcpu=cortex-m4 -std=gnu11 -g3 -DDEBUG -DUSE_HAL_DRIVER -DSTM32F405xx -c -I../Core/Inc -I../Drivers/STM32F4xx_HAL_Driver/Inc -I../Drivers/STM32F4xx_HAL_Driver/Inc/Legacy -I../Drivers/CMSIS/Device/ST/STM32F4xx/Include -I../Drivers/CMSIS/Include -I"D:/GitHub/IrReceiverDecoder/IrControlerDecode/CPP/Src" -O0 -ffunction-sections -fdata-sections -Wall -fstack-usage -MMD -MP -MF"Drivers/STM32F4xx_HAL_Driver/Src/stm32f4xx_hal.d" -MT"Drivers/STM32F4xx_HAL_Driver/Src/stm32f4xx_hal.o" --specs=nano.specs -mfpu=fpv4-sp-d16 -mfloat-abi=hard -mthumb -o "Drivers/STM32F4xx_HAL_Driver/Src/stm32f4xx_hal.o"
arm-none-eabi-gcc "../Drivers/STM32F4xx_HAL_Driver/Src/stm32f4xx_hal_cortex.c" -mcpu=cortex-m4 -std=gnu11 -g3 -DDEBUG -DUSE_HAL_DRIVER -DSTM32F405xx -c -I../Core/Inc -I../Drivers/STM32F4xx_HAL_Driver/Inc -I../Drivers/STM32F4xx_HAL_Driver/Inc/Legacy -I../Drivers/CMSIS/Device/ST/STM32F4xx/Include -I../Drivers/CMSIS/Include -I"D:/GitHub/IrReceiverDecoder/IrControlerDecode/CPP/Src" -O0 -ffunction-sections -fdata-sections -Wall -fstack-usage -MMD -MP -MF"Drivers/STM32F4xx_HAL_Driver/Src/stm32f4xx_hal_cortex.d" -MT"Drivers/STM32F4xx_HAL_Driver/Src/stm32f4xx_hal_cortex.o" --specs=nano.specs -mfpu=fpv4-sp-d16 -mfloat-abi=hard -mthumb -o "Drivers/STM32F4xx_HAL_Driver/Src/stm32f4xx_hal_cortex.o"
arm-none-eabi-gcc "../Drivers/STM32F4xx_HAL_Driver/Src/stm32f4xx_hal_dma.c" -mcpu=cortex-m4 -std=gnu11 -g3 -DDEBUG -DUSE_HAL_DRIVER -DSTM32F405xx -c -I../Core/Inc -I../Drivers/STM32F4xx_HAL_Driver/Inc -I../Drivers/STM32F4xx_HAL_Driver/Inc/Legacy -I../Drivers/CMSIS/Device/ST/STM32F4xx/Include -I../Drivers/CMSIS/Include -I"D:/GitHub/IrReceiverDecoder/IrControlerDecode/CPP/Src" -O0 -ffunction-sections -fdata-sections -Wall -fstack-usage -MMD -MP -MF"Drivers/STM32F4xx_HAL_Driver/Src/stm32f4xx_hal_dma.d" -MT"Drivers/STM32F4xx_HAL_Driver/Src/stm32f4xx_hal_dma.o" --specs=nano.specs -mfpu=fpv4-sp-d16 -mfloat-abi=hard -mthumb -o "Drivers/STM32F4xx_HAL_Driver/Src/stm32f4xx_hal_dma.o"
arm-none-eabi-gcc "../Drivers/STM32F4xx_HAL_Driver/Src/stm32f4xx_hal_dma_ex.c" -mcpu=cortex-m4 -std=gnu11 -g3 -DDEBUG -DUSE_HAL_DRIVER -DSTM32F405xx -c -I../Core/Inc -I../Drivers/STM32F4xx_HAL_Driver/Inc -I../Drivers/STM32F4xx_HAL_Driver/Inc/Legacy -I../Drivers/CMSIS/Device/ST/STM32F4xx/Include -I../Drivers/CMSIS/Include -I"D:/GitHub/IrReceiverDecoder/IrControlerDecode/CPP/Src" -O0 -ffunction-sections -fdata-sections -Wall -fstack-usage -MMD -MP -MF"Drivers/STM32F4xx_HAL_Driver/Src/stm32f4xx_hal_dma_ex.d" -MT"Drivers/STM32F4xx_HAL_Driver/Src/stm32f4xx_hal_dma_ex.o" --specs=nano.specs -mfpu=fpv4-sp-d16 -mfloat-abi=hard -mthumb -o "Drivers/STM32F4xx_HAL_Driver/Src/stm32f4xx_hal_dma_ex.o"
arm-none-eabi-gcc "../Drivers/STM32F4xx_HAL_Driver/Src/stm32f4xx_hal_exti.c" -mcpu=cortex-m4 -std=gnu11 -g3 -DDEBUG -DUSE_HAL_DRIVER -DSTM32F405xx -c -I../Core/Inc -I../Drivers/STM32F4xx_HAL_Driver/Inc -I../Drivers/STM32F4xx_HAL_Driver/Inc/Legacy -I../Drivers/CMSIS/Device/ST/STM32F4xx/Include -I../Drivers/CMSIS/Include -I"D:/GitHub/IrReceiverDecoder/IrControlerDecode/CPP/Src" -O0 -ffunction-sections -fdata-sections -Wall -fstack-usage -MMD -MP -MF"Drivers/STM32F4xx_HAL_Driver/Src/stm32f4xx_hal_exti.d" -MT"Drivers/STM32F4xx_HAL_Driver/Src/stm32f4xx_hal_exti.o" --specs=nano.specs -mfpu=fpv4-sp-d16 -mfloat-abi=hard -mthumb -o "Drivers/STM32F4xx_HAL_Driver/Src/stm32f4xx_hal_exti.o"
arm-none-eabi-gcc "../Drivers/STM32F4xx_HAL_Driver/Src/stm32f4xx_hal_flash.c" -mcpu=cortex-m4 -std=gnu11 -g3 -DDEBUG -DUSE_HAL_DRIVER -DSTM32F405xx -c -I../Core/Inc -I../Drivers/STM32F4xx_HAL_Driver/Inc -I../Drivers/STM32F4xx_HAL_Driver/Inc/Legacy -I../Drivers/CMSIS/Device/ST/STM32F4xx/Include -I../Drivers/CMSIS/Include -I"D:/GitHub/IrReceiverDecoder/IrControlerDecode/CPP/Src" -O0 -ffunction-sections -fdata-sections -Wall -fstack-usage -MMD -MP -MF"Drivers/STM32F4xx_HAL_Driver/Src/stm32f4xx_hal_flash.d" -MT"Drivers/STM32F4xx_HAL_Driver/Src/stm32f4xx_hal_flash.o" --specs=nano.specs -mfpu=fpv4-sp-d16 -mfloat-abi=hard -mthumb -o "Drivers/STM32F4xx_HAL_Driver/Src/stm32f4xx_hal_flash.o"
arm-none-eabi-gcc "../Drivers/STM32F4xx_HAL_Driver/Src/stm32f4xx_hal_flash_ex.c" -mcpu=cortex-m4 -std=gnu11 -g3 -DDEBUG -DUSE_HAL_DRIVER -DSTM32F405xx -c -I../Core/Inc -I../Drivers/STM32F4xx_HAL_Driver/Inc -I../Drivers/STM32F4xx_HAL_Driver/Inc/Legacy -I../Drivers/CMSIS/Device/ST/STM32F4xx/Include -I../Drivers/CMSIS/Include -I"D:/GitHub/IrReceiverDecoder/IrControlerDecode/CPP/Src" -O0 -ffunction-sections -fdata-sections -Wall -fstack-usage -MMD -MP -MF"Drivers/STM32F4xx_HAL_Driver/Src/stm32f4xx_hal_flash_ex.d" -MT"Drivers/STM32F4xx_HAL_Driver/Src/stm32f4xx_hal_flash_ex.o" --specs=nano.specs -mfpu=fpv4-sp-d16 -mfloat-abi=hard -mthumb -o "Drivers/STM32F4xx_HAL_Driver/Src/stm32f4xx_hal_flash_ex.o"
arm-none-eabi-gcc "../Drivers/STM32F4xx_HAL_Driver/Src/stm32f4xx_hal_flash_ramfunc.c" -mcpu=cortex-m4 -std=gnu11 -g3 -DDEBUG -DUSE_HAL_DRIVER -DSTM32F405xx -c -I../Core/Inc -I../Drivers/STM32F4xx_HAL_Driver/Inc -I../Drivers/STM32F4xx_HAL_Driver/Inc/Legacy -I../Drivers/CMSIS/Device/ST/STM32F4xx/Include -I../Drivers/CMSIS/Include -I"D:/GitHub/IrReceiverDecoder/IrControlerDecode/CPP/Src" -O0 -ffunction-sections -fdata-sections -Wall -fstack-usage -MMD -MP -MF"Drivers/STM32F4xx_HAL_Driver/Src/stm32f4xx_hal_flash_ramfunc.d" -MT"Drivers/STM32F4xx_HAL_Driver/Src/stm32f4xx_hal_flash_ramfunc.o" --specs=nano.specs -mfpu=fpv4-sp-d16 -mfloat-abi=hard -mthumb -o "Drivers/STM32F4xx_HAL_Driver/Src/stm32f4xx_hal_flash_ramfunc.o"
arm-none-eabi-gcc "../Drivers/STM32F4xx_HAL_Driver/Src/stm32f4xx_hal_gpio.c" -mcpu=cortex-m4 -std=gnu11 -g3 -DDEBUG -DUSE_HAL_DRIVER -DSTM32F405xx -c -I../Core/Inc -I../Drivers/STM32F4xx_HAL_Driver/Inc -I../Drivers/STM32F4xx_HAL_Driver/Inc/Legacy -I../Drivers/CMSIS/Device/ST/STM32F4xx/Include -I../Drivers/CMSIS/Include -I"D:/GitHub/IrReceiverDecoder/IrControlerDecode/CPP/Src" -O0 -ffunction-sections -fdata-sections -Wall -fstack-usage -MMD -MP -MF"Drivers/STM32F4xx_HAL_Driver/Src/stm32f4xx_hal_gpio.d" -MT"Drivers/STM32F4xx_HAL_Driver/Src/stm32f4xx_hal_gpio.o" --specs=nano.specs -mfpu=fpv4-sp-d16 -mfloat-abi=hard -mthumb -o "Drivers/STM32F4xx_HAL_Driver/Src/stm32f4xx_hal_gpio.o"
arm-none-eabi-gcc "../Drivers/STM32F4xx_HAL_Driver/Src/stm32f4xx_hal_pwr.c" -mcpu=cortex-m4 -std=gnu11 -g3 -DDEBUG -DUSE_HAL_DRIVER -DSTM32F405xx -c -I../Core/Inc -I../Drivers/STM32F4xx_HAL_Driver/Inc -I../Drivers/STM32F4xx_HAL_Driver/Inc/Legacy -I../Drivers/CMSIS/Device/ST/STM32F4xx/Include -I../Drivers/CMSIS/Include -I"D:/GitHub/IrReceiverDecoder/IrControlerDecode/CPP/Src" -O0 -ffunction-sections -fdata-sections -Wall -fstack-usage -MMD -MP -MF"Drivers/STM32F4xx_HAL_Driver/Src/stm32f4xx_hal_pwr.d" -MT"Drivers/STM32F4xx_HAL_Driver/Src/stm32f4xx_hal_pwr.o" --specs=nano.specs -mfpu=fpv4-sp-d16 -mfloat-abi=hard -mthumb -o "Drivers/STM32F4xx_HAL_Driver/Src/stm32f4xx_hal_pwr.o"
arm-none-eabi-gcc "../Drivers/STM32F4xx_HAL_Driver/Src/stm32f4xx_hal_pwr_ex.c" -mcpu=cortex-m4 -std=gnu11 -g3 -DDEBUG -DUSE_HAL_DRIVER -DSTM32F405xx -c -I../Core/Inc -I../Drivers/STM32F4xx_HAL_Driver/Inc -I../Drivers/STM32F4xx_HAL_Driver/Inc/Legacy -I../Drivers/CMSIS/Device/ST/STM32F4xx/Include -I../Drivers/CMSIS/Include -I"D:/GitHub/IrReceiverDecoder/IrControlerDecode/CPP/Src" -O0 -ffunction-sections -fdata-sections -Wall -fstack-usage -MMD -MP -MF"Drivers/STM32F4xx_HAL_Driver/Src/stm32f4xx_hal_pwr_ex.d" -MT"Drivers/STM32F4xx_HAL_Driver/Src/stm32f4xx_hal_pwr_ex.o" --specs=nano.specs -mfpu=fpv4-sp-d16 -mfloat-abi=hard -mthumb -o "Drivers/STM32F4xx_HAL_Driver/Src/stm32f4xx_hal_pwr_ex.o"
arm-none-eabi-gcc "../Drivers/STM32F4xx_HAL_Driver/Src/stm32f4xx_hal_rcc.c" -mcpu=cortex-m4 -std=gnu11 -g3 -DDEBUG -DUSE_HAL_DRIVER -DSTM32F405xx -c -I../Core/Inc -I../Drivers/STM32F4xx_HAL_Driver/Inc -I../Drivers/STM32F4xx_HAL_Driver/Inc/Legacy -I../Drivers/CMSIS/Device/ST/STM32F4xx/Include -I../Drivers/CMSIS/Include -I"D:/GitHub/IrReceiverDecoder/IrControlerDecode/CPP/Src" -O0 -ffunction-sections -fdata-sections -Wall -fstack-usage -MMD -MP -MF"Drivers/STM32F4xx_HAL_Driver/Src/stm32f4xx_hal_rcc.d" -MT"Drivers/STM32F4xx_HAL_Driver/Src/stm32f4xx_hal_rcc.o" --specs=nano.specs -mfpu=fpv4-sp-d16 -mfloat-abi=hard -mthumb -o "Drivers/STM32F4xx_HAL_Driver/Src/stm32f4xx_hal_rcc.o"
arm-none-eabi-gcc "../Drivers/STM32F4xx_HAL_Driver/Src/stm32f4xx_hal_rcc_ex.c" -mcpu=cortex-m4 -std=gnu11 -g3 -DDEBUG -DUSE_HAL_DRIVER -DSTM32F405xx -c -I../Core/Inc -I../Drivers/STM32F4xx_HAL_Driver/Inc -I../Drivers/STM32F4xx_HAL_Driver/Inc/Legacy -I../Drivers/CMSIS/Device/ST/STM32F4xx/Include -I../Drivers/CMSIS/Include -I"D:/GitHub/IrReceiverDecoder/IrControlerDecode/CPP/Src" -O0 -ffunction-sections -fdata-sections -Wall -fstack-usage -MMD -MP -MF"Drivers/STM32F4xx_HAL_Driver/Src/stm32f4xx_hal_rcc_ex.d" -MT"Drivers/STM32F4xx_HAL_Driver/Src/stm32f4xx_hal_rcc_ex.o" --specs=nano.specs -mfpu=fpv4-sp-d16 -mfloat-abi=hard -mthumb -o "Drivers/STM32F4xx_HAL_Driver/Src/stm32f4xx_hal_rcc_ex.o"
arm-none-eabi-gcc "../Drivers/STM32F4xx_HAL_Driver/Src/stm32f4xx_hal_tim.c" -mcpu=cortex-m4 -std=gnu11 -g3 -DDEBUG -DUSE_HAL_DRIVER -DSTM32F405xx -c -I../Core/Inc -I../Drivers/STM32F4xx_HAL_Driver/Inc -I../Drivers/STM32F4xx_HAL_Driver/Inc/Legacy -I../Drivers/CMSIS/Device/ST/STM32F4xx/Include -I../Drivers/CMSIS/Include -I"D:/GitHub/IrReceiverDecoder/IrControlerDecode/CPP/Src" -O0 -ffunction-sections -fdata-sections -Wall -fstack-usage -MMD -MP -MF"Drivers/STM32F4xx_HAL_Driver/Src/stm32f4xx_hal_tim.d" -MT"Drivers/STM32F4xx_HAL_Driver/Src/stm32f4xx_hal_tim.o" --specs=nano.specs -mfpu=fpv4-sp-d16 -mfloat-abi=hard -mthumb -o "Drivers/STM32F4xx_HAL_Driver/Src/stm32f4xx_hal_tim.o"
arm-none-eabi-gcc "../Drivers/STM32F4xx_HAL_Driver/Src/stm32f4xx_hal_tim_ex.c" -mcpu=cortex-m4 -std=gnu11 -g3 -DDEBUG -DUSE_HAL_DRIVER -DSTM32F405xx -c -I../Core/Inc -I../Drivers/STM32F4xx_HAL_Driver/Inc -I../Drivers/STM32F4xx_HAL_Driver/Inc/Legacy -I../Drivers/CMSIS/Device/ST/STM32F4xx/Include -I../Drivers/CMSIS/Include -I"D:/GitHub/IrReceiverDecoder/IrControlerDecode/CPP/Src" -O0 -ffunction-sections -fdata-sections -Wall -fstack-usage -MMD -MP -MF"Drivers/STM32F4xx_HAL_Driver/Src/stm32f4xx_hal_tim_ex.d" -MT"Drivers/STM32F4xx_HAL_Driver/Src/stm32f4xx_hal_tim_ex.o" --specs=nano.specs -mfpu=fpv4-sp-d16 -mfloat-abi=hard -mthumb -o "Drivers/STM32F4xx_HAL_Driver/Src/stm32f4xx_hal_tim_ex.o"
arm-none-eabi-gcc "../Core/Src/main.c" -mcpu=cortex-m4 -std=gnu11 -g3 -DDEBUG -DUSE_HAL_DRIVER -DSTM32F405xx -c -I../Core/Inc -I../Drivers/STM32F4xx_HAL_Driver/Inc -I../Drivers/STM32F4xx_HAL_Driver/Inc/Legacy -I../Drivers/CMSIS/Device/ST/STM32F4xx/Include -I../Drivers/CMSIS/Include -I"D:/GitHub/IrReceiverDecoder/IrControlerDecode/CPP/Src" -O0 -ffunction-sections -fdata-sections -Wall -fstack-usage -MMD -MP -MF"Core/Src/main.d" -MT"Core/Src/main.o" --specs=nano.specs -mfpu=fpv4-sp-d16 -mfloat-abi=hard -mthumb -o "Core/Src/main.o"
arm-none-eabi-gcc "../Core/Src/stm32f4xx_hal_msp.c" -mcpu=cortex-m4 -std=gnu11 -g3 -DDEBUG -DUSE_HAL_DRIVER -DSTM32F405xx -c -I../Core/Inc -I../Drivers/STM32F4xx_HAL_Driver/Inc -I../Drivers/STM32F4xx_HAL_Driver/Inc/Legacy -I../Drivers/CMSIS/Device/ST/STM32F4xx/Include -I../Drivers/CMSIS/Include -I"D:/GitHub/IrReceiverDecoder/IrControlerDecode/CPP/Src" -O0 -ffunction-sections -fdata-sections -Wall -fstack-usage -MMD -MP -MF"Core/Src/stm32f4xx_hal_msp.d" -MT"Core/Src/stm32f4xx_hal_msp.o" --specs=nano.specs -mfpu=fpv4-sp-d16 -mfloat-abi=hard -mthumb -o "Core/Src/stm32f4xx_hal_msp.o"
arm-none-eabi-gcc "../Core/Src/stm32f4xx_it.c" -mcpu=cortex-m4 -std=gnu11 -g3 -DDEBUG -DUSE_HAL_DRIVER -DSTM32F405xx -c -I../Core/Inc -I../Drivers/STM32F4xx_HAL_Driver/Inc -I../Drivers/STM32F4xx_HAL_Driver/Inc/Legacy -I../Drivers/CMSIS/Device/ST/STM32F4xx/Include -I../Drivers/CMSIS/Include -I"D:/GitHub/IrReceiverDecoder/IrControlerDecode/CPP/Src" -O0 -ffunction-sections -fdata-sections -Wall -fstack-usage -MMD -MP -MF"Core/Src/stm32f4xx_it.d" -MT"Core/Src/stm32f4xx_it.o" --specs=nano.specs -mfpu=fpv4-sp-d16 -mfloat-abi=hard -mthumb -o "Core/Src/stm32f4xx_it.o"
arm-none-eabi-gcc "../Core/Src/system_stm32f4xx.c" -mcpu=cortex-m4 -std=gnu11 -g3 -DDEBUG -DUSE_HAL_DRIVER -DSTM32F405xx -c -I../Core/Inc -I../Drivers/STM32F4xx_HAL_Driver/Inc -I../Drivers/STM32F4xx_HAL_Driver/Inc/Legacy -I../Drivers/CMSIS/Device/ST/STM32F4xx/Include -I../Drivers/CMSIS/Include -I"D:/GitHub/IrReceiverDecoder/IrControlerDecode/CPP/Src" -O0 -ffunction-sections -fdata-sections -Wall -fstack-usage -MMD -MP -MF"Core/Src/system_stm32f4xx.d" -MT"Core/Src/system_stm32f4xx.o" --specs=nano.specs -mfpu=fpv4-sp-d16 -mfloat-abi=hard -mthumb -o "Core/Src/system_stm32f4xx.o"
arm-none-eabi-g++ "../CPP/Src/Interruption.cpp" -mcpu=cortex-m4 -std=gnu++14 -g3 -DDEBUG -DUSE_HAL_DRIVER -DSTM32F405xx -c -I../Core/Inc -I../Drivers/STM32F4xx_HAL_Driver/Inc -I../Drivers/STM32F4xx_HAL_Driver/Inc/Legacy -I../Drivers/CMSIS/Device/ST/STM32F4xx/Include -I../Drivers/CMSIS/Include -I"D:/GitHub/IrReceiverDecoder/IrControlerDecode/CPP/Src" -I"D:/GitHub/IrReceiverDecoder/IrControlerDecode/CPP/Inc" -O0 -ffunction-sections -fdata-sections -fno-exceptions -fno-rtti -fno-use-cxa-atexit -Wall -fstack-usage -MMD -MP -MF"CPP/Src/Interruption.d" -MT"CPP/Src/Interruption.o" --specs=nano.specs -mfpu=fpv4-sp-d16 -mfloat-abi=hard -mthumb -o "CPP/Src/Interruption.o"
arm-none-eabi-g++ "../CPP/Src/mainCpp.cpp" -mcpu=cortex-m4 -std=gnu++14 -g3 -DDEBUG -DUSE_HAL_DRIVER -DSTM32F405xx -c -I../Core/Inc -I../Drivers/STM32F4xx_HAL_Driver/Inc -I../Drivers/STM32F4xx_HAL_Driver/Inc/Legacy -I../Drivers/CMSIS/Device/ST/STM32F4xx/Include -I../Drivers/CMSIS/Include -I"D:/GitHub/IrReceiverDecoder/IrControlerDecode/CPP/Src" -I"D:/GitHub/IrReceiverDecoder/IrControlerDecode/CPP/Inc" -O0 -ffunction-sections -fdata-sections -fno-exceptions -fno-rtti -fno-use-cxa-atexit -Wall -fstack-usage -MMD -MP -MF"CPP/Src/mainCpp.d" -MT"CPP/Src/mainCpp.o" --specs=nano.specs -mfpu=fpv4-sp-d16 -mfloat-abi=hard -mthumb -o "CPP/Src/mainCpp.o"
arm-none-eabi-g++ "../CPP/Src/sensorIrClass.cpp" -mcpu=cortex-m4 -std=gnu++14 -g3 -DDEBUG -DUSE_HAL_DRIVER -DSTM32F405xx -c -I../Core/Inc -I../Drivers/STM32F4xx_HAL_Driver/Inc -I../Drivers/STM32F4xx_HAL_Driver/Inc/Legacy -I../Drivers/CMSIS/Device/ST/STM32F4xx/Include -I../Drivers/CMSIS/Include -I"D:/GitHub/IrReceiverDecoder/IrControlerDecode/CPP/Src" -I"D:/GitHub/IrReceiverDecoder/IrControlerDecode/CPP/Inc" -O0 -ffunction-sections -fdata-sections -fno-exceptions -fno-rtti -fno-use-cxa-atexit -Wall -fstack-usage -MMD -MP -MF"CPP/Src/sensorIrClass.d" -MT"CPP/Src/sensorIrClass.o" --specs=nano.specs -mfpu=fpv4-sp-d16 -mfloat-abi=hard -mthumb -o "CPP/Src/sensorIrClass.o"
arm-none-eabi-g++ -o "IrControlerDecode.elf" @"objects.list"   -mcpu=cortex-m4 -T"D:\GitHub\IrReceiverDecoder\IrControlerDecode\STM32F405RGTX_FLASH.ld" --specs=nosys.specs -Wl,-Map="IrControlerDecode.map" -Wl,--gc-sections -static --specs=nano.specs -mfpu=fpv4-sp-d16 -mfloat-abi=hard -mthumb -Wl,--start-group -lc -lm -lstdc++ -lsupc++ -Wl,--end-group
Finished building target: IrControlerDecode.elf
 
arm-none-eabi-size   IrControlerDecode.elf 
arm-none-eabi-objdump -h -S  IrControlerDecode.elf  > "IrControlerDecode.list"
arm-none-eabi-objcopy  -O binary  IrControlerDecode.elf  "IrControlerDecode.bin"
   text	   data	    bss	    dec	    hex	filename
   9520	     24	   1716	  11260	   2bfc	IrControlerDecode.elf
Finished building: default.size.stdout
 
Finished building: IrControlerDecode.bin
 
Finished building: IrControlerDecode.list
 
15:24:19 **** Incremental Build of configuration Debug for project IrControlerDecode ****
make -j8 all 
arm-none-eabi-g++ "../CPP/Src/sensorIrClass.cpp" -mcpu=cortex-m4 -std=gnu++14 -g3 -DDEBUG -DUSE_HAL_DRIVER -DSTM32F405xx -c -I../Core/Inc -I../Drivers/STM32F4xx_HAL_Driver/Inc -I../Drivers/STM32F4xx_HAL_Driver/Inc/Legacy -I../Drivers/CMSIS/Device/ST/STM32F4xx/Include -I../Drivers/CMSIS/Include -I"D:/GitHub/IrReceiverDecoder/IrControlerDecode/CPP/Src" -I"D:/GitHub/IrReceiverDecoder/IrControlerDecode/CPP/Inc" -O0 -ffunction-sections -fdata-sections -fno-exceptions -fno-rtti -fno-use-cxa-atexit -Wall -fstack-usage -MMD -MP -MF"CPP/Src/sensorIrClass.d" -MT"CPP/Src/sensorIrClass.o" --specs=nano.specs -mfpu=fpv4-sp-d16 -mfloat-abi=hard -mthumb -o "CPP/Src/sensorIrClass.o"
arm-none-eabi-g++ -o "IrControlerDecode.elf" @"objects.list"   -mcpu=cortex-m4 -T"D:\GitHub\IrReceiverDecoder\IrControlerDecode\STM32F405RGTX_FLASH.ld" --specs=nosys.specs -Wl,-Map="IrControlerDecode.map" -Wl,--gc-sections -static --specs=nano.specs -mfpu=fpv4-sp-d16 -mfloat-abi=hard -mthumb -Wl,--start-group -lc -lm -lstdc++ -lsupc++ -Wl,--end-group
Finished building target: IrControlerDecode.elf
 
arm-none-eabi-size   IrControlerDecode.elf 
arm-none-eabi-objdump -h -S  IrControlerDecode.elf  > "IrControlerDecode.list"
arm-none-eabi-objcopy  -O binary  IrControlerDecode.elf  "IrControlerDecode.bin"
   text	   data	    bss	    dec	    hex	filename
   9536	     24	   1716	  11276	   2c0c	IrControlerDecode.elf
Finished building: default.size.stdout
 
Finished building: IrControlerDecode.bin
 
Finished building: IrControlerDecode.list
 
15:27:12 **** Incremental Build of configuration Debug for project IrControlerDecode ****
make -j8 all 
arm-none-eabi-g++ "../CPP/Src/sensorIrClass.cpp" -mcpu=cortex-m4 -std=gnu++14 -g3 -DDEBUG -DUSE_HAL_DRIVER -DSTM32F405xx -c -I../Core/Inc -I../Drivers/STM32F4xx_HAL_Driver/Inc -I../Drivers/STM32F4xx_HAL_Driver/Inc/Legacy -I../Drivers/CMSIS/Device/ST/STM32F4xx/Include -I../Drivers/CMSIS/Include -I"D:/GitHub/IrReceiverDecoder/IrControlerDecode/CPP/Src" -I"D:/GitHub/IrReceiverDecoder/IrControlerDecode/CPP/Inc" -O0 -ffunction-sections -fdata-sections -fno-exceptions -fno-rtti -fno-use-cxa-atexit -Wall -fstack-usage -MMD -MP -MF"CPP/Src/sensorIrClass.d" -MT"CPP/Src/sensorIrClass.o" --specs=nano.specs -mfpu=fpv4-sp-d16 -mfloat-abi=hard -mthumb -o "CPP/Src/sensorIrClass.o"
arm-none-eabi-g++ -o "IrControlerDecode.elf" @"objects.list"   -mcpu=cortex-m4 -T"D:\GitHub\IrReceiverDecoder\IrControlerDecode\STM32F405RGTX_FLASH.ld" --specs=nosys.specs -Wl,-Map="IrControlerDecode.map" -Wl,--gc-sections -static --specs=nano.specs -mfpu=fpv4-sp-d16 -mfloat-abi=hard -mthumb -Wl,--start-group -lc -lm -lstdc++ -lsupc++ -Wl,--end-group
Finished building target: IrControlerDecode.elf
 
arm-none-eabi-size   IrControlerDecode.elf 
arm-none-eabi-objdump -h -S  IrControlerDecode.elf  > "IrControlerDecode.list"
arm-none-eabi-objcopy  -O binary  IrControlerDecode.elf  "IrControlerDecode.bin"
   text	   data	    bss	    dec	    hex	filename
   9564	     24	   1716	  11304	   2c28	IrControlerDecode.elf
Finished building: default.size.stdout
 
Finished building: IrControlerDecode.bin
 
Finished building: IrControlerDecode.list
 
15:29:25 **** Incremental Build of configuration Debug for project IrControlerDecode ****
make -j8 all 
arm-none-eabi-g++ "../CPP/Src/sensorIrClass.cpp" -mcpu=cortex-m4 -std=gnu++14 -g3 -DDEBUG -DUSE_HAL_DRIVER -DSTM32F405xx -c -I../Core/Inc -I../Drivers/STM32F4xx_HAL_Driver/Inc -I../Drivers/STM32F4xx_HAL_Driver/Inc/Legacy -I../Drivers/CMSIS/Device/ST/STM32F4xx/Include -I../Drivers/CMSIS/Include -I"D:/GitHub/IrReceiverDecoder/IrControlerDecode/CPP/Src" -I"D:/GitHub/IrReceiverDecoder/IrControlerDecode/CPP/Inc" -O0 -ffunction-sections -fdata-sections -fno-exceptions -fno-rtti -fno-use-cxa-atexit -Wall -fstack-usage -MMD -MP -MF"CPP/Src/sensorIrClass.d" -MT"CPP/Src/sensorIrClass.o" --specs=nano.specs -mfpu=fpv4-sp-d16 -mfloat-abi=hard -mthumb -o "CPP/Src/sensorIrClass.o"
arm-none-eabi-g++ -o "IrControlerDecode.elf" @"objects.list"   -mcpu=cortex-m4 -T"D:\GitHub\IrReceiverDecoder\IrControlerDecode\STM32F405RGTX_FLASH.ld" --specs=nosys.specs -Wl,-Map="IrControlerDecode.map" -Wl,--gc-sections -static --specs=nano.specs -mfpu=fpv4-sp-d16 -mfloat-abi=hard -mthumb -Wl,--start-group -lc -lm -lstdc++ -lsupc++ -Wl,--end-group
Finished building target: IrControlerDecode.elf
 
arm-none-eabi-size   IrControlerDecode.elf 
arm-none-eabi-objdump -h -S  IrControlerDecode.elf  > "IrControlerDecode.list"
arm-none-eabi-objcopy  -O binary  IrControlerDecode.elf  "IrControlerDecode.bin"
   text	   data	    bss	    dec	    hex	filename
   9568	     24	   1716	  11308	   2c2c	IrControlerDecode.elf
Finished building: default.size.stdout
 
Finished building: IrControlerDecode.bin
 
Finished building: IrControlerDecode.list
 
15:29:59 **** Incremental Build of configuration Debug for project IrControlerDecode ****
make -j8 all 
arm-none-eabi-size   IrControlerDecode.elf 
   text	   data	    bss	    dec	    hex	filename
   9568	     24	   1716	  11308	   2c2c	IrControlerDecode.elf
Finished building: default.size.stdout
 
15:30:57 **** Incremental Build of configuration Debug for project IrControlerDecode ****
make -j8 all 
arm-none-eabi-size   IrControlerDecode.elf 
   text	   data	    bss	    dec	    hex	filename
   9568	     24	   1716	  11308	   2c2c	IrControlerDecode.elf
Finished building: default.size.stdout
 
